  Identification des projets ├á restaurer...
  Tous les projets sont ├á jour pour la restauration.
  GestionHoraire -> C:\Users\hamou\Desktop\GestionHoraire\GestionHoraire\GestionHoraire\bin\Debug\net9.0\GestionHoraire.dll
C:\Users\hamou\Desktop\GestionHoraire\GestionHoraire\GestionHoraire.Tests\ResponsableTests.cs(148,9): error CS0106: Le modificateur 'public' 'n'est pas valide pour cet ├®l├®ment [C:\Users\hamou\Desktop\GestionHoraire\GestionHoraire\GestionHoraire.Tests\GestionHoraire.Tests.csproj]
C:\Users\hamou\Desktop\GestionHoraire\GestionHoraire\GestionHoraire.Tests\ResponsableTests.cs(170,9): error CS0106: Le modificateur 'public' 'n'est pas valide pour cet ├®l├®ment [C:\Users\hamou\Desktop\GestionHoraire\GestionHoraire\GestionHoraire.Tests\GestionHoraire.Tests.csproj]
C:\Users\hamou\Desktop\GestionHoraire\GestionHoraire\GestionHoraire.Tests\ResponsableTests.cs(188,2): error CS1513: } attendue [C:\Users\hamou\Desktop\GestionHoraire\GestionHoraire\GestionHoraire.Tests\GestionHoraire.Tests.csproj]

├ëCHEC de la build.

C:\Users\hamou\Desktop\GestionHoraire\GestionHoraire\GestionHoraire.Tests\ResponsableTests.cs(148,9): error CS0106: Le modificateur 'public' 'n'est pas valide pour cet ├®l├®ment [C:\Users\hamou\Desktop\GestionHoraire\GestionHoraire\GestionHoraire.Tests\GestionHoraire.Tests.csproj]
C:\Users\hamou\Desktop\GestionHoraire\GestionHoraire\GestionHoraire.Tests\ResponsableTests.cs(170,9): error CS0106: Le modificateur 'public' 'n'est pas valide pour cet ├®l├®ment [C:\Users\hamou\Desktop\GestionHoraire\GestionHoraire\GestionHoraire.Tests\GestionHoraire.Tests.csproj]
C:\Users\hamou\Desktop\GestionHoraire\GestionHoraire\GestionHoraire.Tests\ResponsableTests.cs(188,2): error CS1513: } attendue [C:\Users\hamou\Desktop\GestionHoraire\GestionHoraire\GestionHoraire.Tests\GestionHoraire.Tests.csproj]
    0 Avertissement(s)
    3 Erreur(s)

Temps ├®coul├® 00:00:03.68
